Configuration:
MODES: ZO
SCOPES: reduced full
BATCH_SIZES: 2
QUERY_BUDGETS: 1 8
LEARNING_RATES_ZO: 1e-6
EPOCHS: 10
MAX_PARALLEL_JOBS: 32
GPU_IDS: 4,6
=========================================
[0;34m📋 Generated 4 experiments[0m

[0;34m🚀 Starting parallel execution...[0m

[0;35m🔄 Started job 14782 for experiment 0:ZO:reduced:2:1:1e-6 on GPU 4[0m
[0;35m🔄 Started job 14783 for experiment 1:ZO:reduced:2:8:1e-6 on GPU 6[0m
[0;35m🔄 Started job 14784 for experiment 2:ZO:full:2:1:1e-6 on GPU 4[0m
[0;35m🔄 Started job 14785 for experiment 3:ZO:full:2:8:1e-6 on GPU 6[0m
[1;33m📊 Starting experiment: ZO_full_bs2_q8_lr1e-6 (GPU: 6)[0m
[1;33m📊 Starting experiment: ZO_reduced_bs2_q1_lr1e-6 (GPU: 4)[0m
[1;33m📊 Starting experiment: ZO_reduced_bs2_q8_lr1e-6 (GPU: 6)[0m
[1;33m📊 Starting experiment: ZO_full_bs2_q1_lr1e-6 (GPU: 4)[0m
