Configuration:
MODES: ZO
SCOPES: reduced full
BATCH_SIZES: 1 2 4
QUERY_BUDGETS: 1 2 4 8
LEARNING_RATES_ZO: 1e-6
EPOCHS: 1
MAX_PARALLEL_JOBS: 32
GPU_IDS: 4,6
=========================================
[0;34m📋 Generated 24 experiments[0m

[0;34m🚀 Starting parallel execution...[0m

[0;35m🔄 Started job 37267 for experiment 0:ZO:reduced:1:1:1e-6 on GPU 4[0m
[0;35m🔄 Started job 37268 for experiment 1:ZO:reduced:1:2:1e-6 on GPU 6[0m
[0;35m🔄 Started job 37269 for experiment 2:ZO:reduced:1:4:1e-6 on GPU 4[0m
[0;35m🔄 Started job 37270 for experiment 3:ZO:reduced:1:8:1e-6 on GPU 6[0m
[0;35m🔄 Started job 37273 for experiment 4:ZO:reduced:2:1:1e-6 on GPU 4[0m
[0;35m🔄 Started job 37276 for experiment 5:ZO:reduced:2:2:1e-6 on GPU 6[0m
[0;35m🔄 Started job 37279 for experiment 6:ZO:reduced:2:4:1e-6 on GPU 4[0m
[0;35m🔄 Started job 37282 for experiment 7:ZO:reduced:2:8:1e-6 on GPU 6[0m
[0;35m🔄 Started job 37284 for experiment 8:ZO:reduced:4:1:1e-6 on GPU 4[0m
[1;33m📊 Starting experiment: ZO_reduced_bs1_q1_lr1e-6 (GPU: 4)[0m
[0;35m🔄 Started job 37287 for experiment 9:ZO:reduced:4:2:1e-6 on GPU 6[0m
[1;33m📊 Starting experiment: ZO_reduced_bs1_q2_lr1e-6 (GPU: 6)[0m
[0;35m🔄 Started job 37291 for experiment 10:ZO:reduced:4:4:1e-6 on GPU 4[0m
[0;35m🔄 Started job 37294 for experiment 11:ZO:reduced:4:8:1e-6 on GPU 6[0m
[1;33m📊 Starting experiment: ZO_reduced_bs1_q4_lr1e-6 (GPU: 4)[0m
[1;33m📊 Starting experiment: ZO_reduced_bs1_q8_lr1e-6 (GPU: 6)[0m
[0;35m🔄 Started job 37298 for experiment 12:ZO:full:1:1:1e-6 on GPU 4[0m
[0;35m🔄 Started job 37300 for experiment 13:ZO:full:1:2:1e-6 on GPU 6[0m
[1;33m📊 Starting experiment: ZO_reduced_bs2_q1_lr1e-6 (GPU: 4)[0m
[0;35m🔄 Started job 37304 for experiment 14:ZO:full:1:4:1e-6 on GPU 4[0m
[1;33m📊 Starting experiment: ZO_reduced_bs2_q2_lr1e-6 (GPU: 6)[0m
[0;35m🔄 Started job 37309 for experiment 15:ZO:full:1:8:1e-6 on GPU 6[0m
[0;35m🔄 Started job 37313 for experiment 16:ZO:full:2:1:1e-6 on GPU 4[0m
[0;35m🔄 Started job 37315 for experiment 17:ZO:full:2:2:1e-6 on GPU 6[0m
[1;33m📊 Starting experiment: ZO_reduced_bs2_q4_lr1e-6 (GPU: 4)[0m
[1;33m📊 Starting experiment: ZO_reduced_bs2_q8_lr1e-6 (GPU: 6)[0m
[0;35m🔄 Started job 37318 for experiment 18:ZO:full:2:4:1e-6 on GPU 4[0m
[0;35m🔄 Started job 37319 for experiment 19:ZO:full:2:8:1e-6 on GPU 6[0m
[1;33m📊 Starting experiment: ZO_reduced_bs4_q1_lr1e-6 (GPU: 4)[0m
[0;35m🔄 Started job 37322 for experiment 20:ZO:full:4:1:1e-6 on GPU 4[0m
[0;35m🔄 Started job 37325 for experiment 21:ZO:full:4:2:1e-6 on GPU 6[0m
[0;35m🔄 Started job 37327 for experiment 22:ZO:full:4:4:1e-6 on GPU 4[0m
[0;35m🔄 Started job 37331 for experiment 23:ZO:full:4:8:1e-6 on GPU 6[0m
[1;33m📊 Starting experiment: ZO_reduced_bs4_q2_lr1e-6 (GPU: 6)[0m
[1;33m📊 Starting experiment: ZO_full_bs1_q1_lr1e-6 (GPU: 4)[0m
[1;33m📊 Starting experiment: ZO_reduced_bs4_q4_lr1e-6 (GPU: 4)[0m
[1;33m📊 Starting experiment: ZO_reduced_bs4_q8_lr1e-6 (GPU: 6)[0m
[1;33m📊 Starting experiment: ZO_full_bs1_q4_lr1e-6 (GPU: 4)[0m
[1;33m📊 Starting experiment: ZO_full_bs1_q2_lr1e-6 (GPU: 6)[0m
[1;33m📊 Starting experiment: ZO_full_bs2_q4_lr1e-6 (GPU: 4)[0m
[1;33m📊 Starting experiment: ZO_full_bs2_q1_lr1e-6 (GPU: 4)[0m
[1;33m📊 Starting experiment: ZO_full_bs2_q8_lr1e-6 (GPU: 6)[0m
[1;33m📊 Starting experiment: ZO_full_bs4_q2_lr1e-6 (GPU: 6)[0m
[1;33m📊 Starting experiment: ZO_full_bs4_q4_lr1e-6 (GPU: 4)[0m
[1;33m📊 Starting experiment: ZO_full_bs4_q1_lr1e-6 (GPU: 4)[0m
[1;33m📊 Starting experiment: ZO_full_bs4_q8_lr1e-6 (GPU: 6)[0m
[1;33m📊 Starting experiment: ZO_full_bs1_q8_lr1e-6 (GPU: 6)[0m
[1;33m📊 Starting experiment: ZO_full_bs2_q2_lr1e-6 (GPU: 6)[0m
[0;31m❌ Experiment ZO_full_bs1_q4_lr1e-6 failed[0m
[0;31m❌ Experiment ZO_reduced_bs4_q8_lr1e-6 failed[0m
[0;31m❌ Experiment ZO_full_bs4_q8_lr1e-6 failed[0m
[0;31m❌ Experiment ZO_reduced_bs2_q4_lr1e-6 failed[0m
[0;31m❌ Experiment ZO_full_bs1_q2_lr1e-6 failed[0m
[0;31m❌ Experiment ZO_full_bs2_q1_lr1e-6 failed[0m
[0;31m❌ Experiment ZO_reduced_bs4_q1_lr1e-6 failed[0m
[0;31m❌ Experiment ZO_reduced_bs1_q4_lr1e-6 failed[0m
[0;31m❌ Experiment ZO_reduced_bs1_q2_lr1e-6 failed[0m
[0;31m❌ Experiment ZO_reduced_bs1_q8_lr1e-6 failed[0m
[0;31m❌ Experiment ZO_full_bs2_q2_lr1e-6 failed[0m
[0;31m❌ Experiment ZO_full_bs1_q1_lr1e-6 failed[0m
[0;31m❌ Experiment ZO_reduced_bs4_q4_lr1e-6 failed[0m
[0;31m❌ Experiment ZO_reduced_bs2_q1_lr1e-6 failed[0m
[0;31m❌ Experiment ZO_full_bs4_q1_lr1e-6 failed[0m
[0;31m❌ Experiment ZO_full_bs4_q4_lr1e-6 failed[0m
[0;31m❌ Experiment ZO_full_bs2_q4_lr1e-6 failed[0m
[0;31m❌ Experiment ZO_full_bs1_q8_lr1e-6 failed[0m
[0;31m❌ Experiment ZO_reduced_bs2_q2_lr1e-6 failed[0m
[0;31m❌ Experiment ZO_full_bs2_q8_lr1e-6 failed[0m
[0;31m❌ Experiment ZO_reduced_bs4_q2_lr1e-6 failed[0m
[0;31m❌ Experiment ZO_reduced_bs1_q1_lr1e-6 failed[0m
[0;31m❌ Experiment ZO_full_bs4_q2_lr1e-6 failed[0m
[0;31m❌ Experiment ZO_reduced_bs2_q8_lr1e-6 failed[0m
