Configuration:
MODES: ZO
SCOPES: reduced full
BATCH_SIZES: 1 2 4
QUERY_BUDGETS: 1 2 4 8
LEARNING_RATES_ZO: 1e-6
EPOCHS: 1
MAX_PARALLEL_JOBS: 32
GPU_IDS: 2,4
=========================================
[0;34m📋 Generated 24 experiments[0m

[0;34m🚀 Starting parallel execution...[0m

[0;35m🔄 Started job 30977 for experiment 0:ZO:reduced:1:1:1e-6 on GPU 2[0m
[0;35m🔄 Started job 30978 for experiment 1:ZO:reduced:1:2:1e-6 on GPU 4[0m
[0;35m🔄 Started job 30980 for experiment 2:ZO:reduced:1:4:1e-6 on GPU 2[0m
[0;35m🔄 Started job 30984 for experiment 3:ZO:reduced:1:8:1e-6 on GPU 4[0m
[0;35m🔄 Started job 30987 for experiment 4:ZO:reduced:2:1:1e-6 on GPU 2[0m
[1;33m📊 Starting experiment: ZO_reduced_bs1_q2_lr1e-6 (GPU: 4)[0m
[0;35m🔄 Started job 30988 for experiment 5:ZO:reduced:2:2:1e-6 on GPU 4[0m
[1;33m📊 Starting experiment: ZO_reduced_bs1_q1_lr1e-6 (GPU: 2)[0m
[1;33m📊 Starting experiment: ZO_reduced_bs1_q4_lr1e-6 (GPU: 2)[0m
[0;35m🔄 Started job 30992 for experiment 6:ZO:reduced:2:4:1e-6 on GPU 2[0m
[0;35m🔄 Started job 30996 for experiment 7:ZO:reduced:2:8:1e-6 on GPU 4[0m
[1;33m📊 Starting experiment: ZO_reduced_bs1_q8_lr1e-6 (GPU: 4)[0m
[0;35m🔄 Started job 30999 for experiment 8:ZO:reduced:4:1:1e-6 on GPU 2[0m
[0;35m🔄 Started job 31002 for experiment 9:ZO:reduced:4:2:1e-6 on GPU 4[0m
[1;33m📊 Starting experiment: ZO_reduced_bs2_q1_lr1e-6 (GPU: 2)[0m
[0;35m🔄 Started job 31008 for experiment 10:ZO:reduced:4:4:1e-6 on GPU 2[0m
[0;35m🔄 Started job 31011 for experiment 11:ZO:reduced:4:8:1e-6 on GPU 4[0m
[0;35m🔄 Started job 31015 for experiment 12:ZO:full:1:1:1e-6 on GPU 2[0m
[1;33m📊 Starting experiment: ZO_reduced_bs2_q8_lr1e-6 (GPU: 4)[0m
[1;33m📊 Starting experiment: ZO_reduced_bs4_q1_lr1e-6 (GPU: 2)[0m
[1;33m📊 Starting experiment: ZO_reduced_bs2_q2_lr1e-6 (GPU: 4)[0m
[0;35m🔄 Started job 31021 for experiment 13:ZO:full:1:2:1e-6 on GPU 4[0m
[1;33m📊 Starting experiment: ZO_reduced_bs4_q2_lr1e-6 (GPU: 4)[0m
[0;35m🔄 Started job 31023 for experiment 14:ZO:full:1:4:1e-6 on GPU 2[0m
[1;33m📊 Starting experiment: ZO_reduced_bs2_q4_lr1e-6 (GPU: 2)[0m
[0;35m🔄 Started job 31028 for experiment 15:ZO:full:1:8:1e-6 on GPU 4[0m
[1;33m📊 Starting experiment: ZO_reduced_bs4_q8_lr1e-6 (GPU: 4)[0m
[1;33m📊 Starting experiment: ZO_reduced_bs4_q4_lr1e-6 (GPU: 2)[0m
[0;35m🔄 Started job 31034 for experiment 16:ZO:full:2:1:1e-6 on GPU 2[0m
[0;35m🔄 Started job 31038 for experiment 17:ZO:full:2:2:1e-6 on GPU 4[0m
[0;35m🔄 Started job 31043 for experiment 18:ZO:full:2:4:1e-6 on GPU 2[0m
[1;33m📊 Starting experiment: ZO_full_bs1_q4_lr1e-6 (GPU: 2)[0m
[0;35m🔄 Started job 31046 for experiment 19:ZO:full:2:8:1e-6 on GPU 4[0m
[1;33m📊 Starting experiment: ZO_full_bs1_q2_lr1e-6 (GPU: 4)[0m
[0;35m🔄 Started job 31051 for experiment 20:ZO:full:4:1:1e-6 on GPU 2[0m
[1;33m📊 Starting experiment: ZO_full_bs1_q1_lr1e-6 (GPU: 2)[0m
[1;33m📊 Starting experiment: ZO_full_bs1_q8_lr1e-6 (GPU: 4)[0m
[0;35m🔄 Started job 31056 for experiment 21:ZO:full:4:2:1e-6 on GPU 4[0m
[0;35m🔄 Started job 31061 for experiment 22:ZO:full:4:4:1e-6 on GPU 2[0m
[0;35m🔄 Started job 31065 for experiment 23:ZO:full:4:8:1e-6 on GPU 4[0m
[1;33m📊 Starting experiment: ZO_full_bs2_q4_lr1e-6 (GPU: 2)[0m
[1;33m📊 Starting experiment: ZO_full_bs2_q8_lr1e-6 (GPU: 4)[0m
[1;33m📊 Starting experiment: ZO_full_bs2_q2_lr1e-6 (GPU: 4)[0m
[1;33m📊 Starting experiment: ZO_full_bs2_q1_lr1e-6 (GPU: 2)[0m
[1;33m📊 Starting experiment: ZO_full_bs4_q2_lr1e-6 (GPU: 4)[0m
[1;33m📊 Starting experiment: ZO_full_bs4_q4_lr1e-6 (GPU: 2)[0m
[1;33m📊 Starting experiment: ZO_full_bs4_q1_lr1e-6 (GPU: 2)[0m
[1;33m📊 Starting experiment: ZO_full_bs4_q8_lr1e-6 (GPU: 4)[0m
[0;32m✅ Experiment ZO_reduced_bs4_q1_lr1e-6 completed successfully[0m
[0;34m📊 Progress: 1/24 completed (Success: 1, Failed: 0)[0m
[0;32m✅ Experiment ZO_full_bs4_q1_lr1e-6 completed successfully[0m
[0;34m📊 Progress: 2/24 completed (Success: 2, Failed: 0)[0m
[0;32m✅ Experiment ZO_reduced_bs2_q1_lr1e-6 completed successfully[0m
[0;34m📊 Progress: 3/24 completed (Success: 3, Failed: 0)[0m
[0;32m✅ Experiment ZO_full_bs2_q1_lr1e-6 completed successfully[0m
[0;32m✅ Experiment ZO_reduced_bs4_q2_lr1e-6 completed successfully[0m
[0;34m📊 Progress: 4/24 completed (Success: 4, Failed: 0)[0m
[0;34m📊 Progress: 5/24 completed (Success: 5, Failed: 0)[0m
[0;32m✅ Experiment ZO_full_bs4_q2_lr1e-6 completed successfully[0m
[0;34m📊 Progress: 6/24 completed (Success: 6, Failed: 0)[0m
[0;32m✅ Experiment ZO_reduced_bs4_q4_lr1e-6 completed successfully[0m
[0;34m📊 Progress: 7/24 completed (Success: 7, Failed: 0)[0m
[0;32m✅ Experiment ZO_full_bs4_q4_lr1e-6 completed successfully[0m
[0;34m📊 Progress: 8/24 completed (Success: 8, Failed: 0)[0m
[0;32m✅ Experiment ZO_reduced_bs2_q2_lr1e-6 completed successfully[0m
[0;34m📊 Progress: 9/24 completed (Success: 9, Failed: 0)[0m
[0;32m✅ Experiment ZO_reduced_bs1_q1_lr1e-6 completed successfully[0m
[0;34m📊 Progress: 10/24 completed (Success: 10, Failed: 0)[0m
[0;32m✅ Experiment ZO_full_bs1_q1_lr1e-6 completed successfully[0m
[0;34m📊 Progress: 11/24 completed (Success: 11, Failed: 0)[0m
[0;32m✅ Experiment ZO_reduced_bs2_q4_lr1e-6 completed successfully[0m
[0;34m📊 Progress: 12/24 completed (Success: 12, Failed: 0)[0m
[0;32m✅ Experiment ZO_full_bs2_q2_lr1e-6 completed successfully[0m
[0;34m📊 Progress: 13/24 completed (Success: 13, Failed: 0)[0m
[0;32m✅ Experiment ZO_full_bs2_q4_lr1e-6 completed successfully[0m
[0;34m📊 Progress: 14/24 completed (Success: 14, Failed: 0)[0m
[0;32m✅ Experiment ZO_reduced_bs1_q4_lr1e-6 completed successfully[0m
[0;34m📊 Progress: 15/24 completed (Success: 15, Failed: 0)[0m
[0;32m✅ Experiment ZO_full_bs1_q4_lr1e-6 completed successfully[0m
[0;34m📊 Progress: 16/24 completed (Success: 16, Failed: 0)[0m
