Configuration:
MODES: ZO
SCOPES: reduced full
BATCH_SIZES: 1 2 4
QUERY_BUDGETS: 1 2 4 8
LEARNING_RATES_ZO: 1e-6
EPOCHS: 1
MAX_PARALLEL_JOBS: 8
GPU_IDS: 2 4
=========================================
[0;34m📋 Generated 24 experiments[0m

[0;34m🚀 Starting parallel execution...[0m

[0;35m🔄 Started job 49461 for experiment 0:ZO:reduced:1:1:1e-6 on GPU 2 4[0m
[0;35m🔄 Started job 49462 for experiment 1:ZO:reduced:1:2:1e-6 on GPU 2 4[0m
[0;35m🔄 Started job 49463 for experiment 2:ZO:reduced:1:4:1e-6 on GPU 2 4[0m
[0;35m🔄 Started job 49465 for experiment 3:ZO:reduced:1:8:1e-6 on GPU 2 4[0m
[0;35m🔄 Started job 49468 for experiment 4:ZO:reduced:2:1:1e-6 on GPU 2 4[0m
[0;35m🔄 Started job 49472 for experiment 5:ZO:reduced:2:2:1e-6 on GPU 2 4[0m
[1;33m📊 Starting experiment: ZO_reduced_bs1_q2_lr1e-6 (GPU: 2 4)[0m
[0;35m🔄 Started job 49474 for experiment 6:ZO:reduced:2:4:1e-6 on GPU 2 4[0m
[0;35m🔄 Started job 49477 for experiment 7:ZO:reduced:2:8:1e-6 on GPU 2 4[0m
[1;33m📊 Starting experiment: ZO_reduced_bs1_q1_lr1e-6 (GPU: 2 4)[0m
[1;33m📊 Starting experiment: ZO_reduced_bs1_q8_lr1e-6 (GPU: 2 4)[0m
[1;33m📊 Starting experiment: ZO_reduced_bs1_q4_lr1e-6 (GPU: 2 4)[0m
[1;33m📊 Starting experiment: ZO_reduced_bs2_q1_lr1e-6 (GPU: 2 4)[0m
[1;33m📊 Starting experiment: ZO_reduced_bs2_q8_lr1e-6 (GPU: 2 4)[0m
[1;33m📊 Starting experiment: ZO_reduced_bs2_q2_lr1e-6 (GPU: 2 4)[0m
[1;33m📊 Starting experiment: ZO_reduced_bs2_q4_lr1e-6 (GPU: 2 4)[0m
