Configuration:
MODES: ZO
SCOPES: reduced full
BATCH_SIZES: 1 2 4
QUERY_BUDGETS: 1 2 4 8
LEARNING_RATES_ZO: 1e-6
EPOCHS: 1
MAX_PARALLEL_JOBS: 32
GPU_IDS: 2,4
=========================================
[0;34m📋 Generated 24 experiments[0m

[0;34m🚀 Starting parallel execution...[0m

[0;35m🔄 Started job 59324 for experiment 0:ZO:reduced:1:1:1e-6 on GPU 2[0m
[0;35m🔄 Started job 59325 for experiment 1:ZO:reduced:1:2:1e-6 on GPU 4[0m
[0;35m🔄 Started job 59326 for experiment 2:ZO:reduced:1:4:1e-6 on GPU 2[0m
[0;35m🔄 Started job 59330 for experiment 3:ZO:reduced:1:8:1e-6 on GPU 4[0m
[0;35m🔄 Started job 59335 for experiment 4:ZO:reduced:2:1:1e-6 on GPU 2[0m
[1;33m📊 Starting experiment: ZO_reduced_bs1_q2_lr1e-6 (GPU: 4)[0m
[1;33m📊 Starting experiment: ZO_reduced_bs1_q1_lr1e-6 (GPU: 2)[0m
[0;35m🔄 Started job 59337 for experiment 5:ZO:reduced:2:2:1e-6 on GPU 4[0m
[1;33m📊 Starting experiment: ZO_reduced_bs1_q4_lr1e-6 (GPU: 2)[0m
[0;35m🔄 Started job 59340 for experiment 6:ZO:reduced:2:4:1e-6 on GPU 2[0m
[0;35m🔄 Started job 59345 for experiment 7:ZO:reduced:2:8:1e-6 on GPU 4[0m
[1;33m📊 Starting experiment: ZO_reduced_bs2_q1_lr1e-6 (GPU: 2)[0m
[0;35m🔄 Started job 59349 for experiment 8:ZO:reduced:4:1:1e-6 on GPU 2[0m
[1;33m📊 Starting experiment: ZO_reduced_bs1_q8_lr1e-6 (GPU: 4)[0m
[0;35m🔄 Started job 59351 for experiment 9:ZO:reduced:4:2:1e-6 on GPU 4[0m
[1;33m📊 Starting experiment: ZO_reduced_bs2_q2_lr1e-6 (GPU: 4)[0m
[0;35m🔄 Started job 59355 for experiment 10:ZO:reduced:4:4:1e-6 on GPU 2[0m
[1;33m📊 Starting experiment: ZO_reduced_bs2_q4_lr1e-6 (GPU: 2)[0m
[0;35m🔄 Started job 59362 for experiment 11:ZO:reduced:4:8:1e-6 on GPU 4[0m
[1;33m📊 Starting experiment: ZO_reduced_bs2_q8_lr1e-6 (GPU: 4)[0m
[0;35m🔄 Started job 59365 for experiment 12:ZO:full:1:1:1e-6 on GPU 2[0m
[1;33m📊 Starting experiment: ZO_reduced_bs4_q1_lr1e-6 (GPU: 2)[0m
[1;33m📊 Starting experiment: ZO_reduced_bs4_q2_lr1e-6 (GPU: 4)[0m
[0;35m🔄 Started job 59373 for experiment 13:ZO:full:1:2:1e-6 on GPU 4[0m
[1;33m📊 Starting experiment: ZO_reduced_bs4_q4_lr1e-6 (GPU: 2)[0m
[0;35m🔄 Started job 59380 for experiment 14:ZO:full:1:4:1e-6 on GPU 2[0m
[0;35m🔄 Started job 59383 for experiment 15:ZO:full:1:8:1e-6 on GPU 4[0m
[1;33m📊 Starting experiment: ZO_reduced_bs4_q8_lr1e-6 (GPU: 4)[0m
[0;35m🔄 Started job 59387 for experiment 16:ZO:full:2:1:1e-6 on GPU 2[0m
[1;33m📊 Starting experiment: ZO_full_bs1_q2_lr1e-6 (GPU: 4)[0m
[0;35m🔄 Started job 59393 for experiment 17:ZO:full:2:2:1e-6 on GPU 4[0m
[1;33m📊 Starting experiment: ZO_full_bs1_q1_lr1e-6 (GPU: 2)[0m
[0;35m🔄 Started job 59398 for experiment 18:ZO:full:2:4:1e-6 on GPU 2[0m
[1;33m📊 Starting experiment: ZO_full_bs1_q4_lr1e-6 (GPU: 2)[0m
[0;35m🔄 Started job 59402 for experiment 19:ZO:full:2:8:1e-6 on GPU 4[0m
[1;33m📊 Starting experiment: ZO_full_bs1_q8_lr1e-6 (GPU: 4)[0m
[0;35m🔄 Started job 59408 for experiment 20:ZO:full:4:1:1e-6 on GPU 2[0m
[1;33m📊 Starting experiment: ZO_full_bs2_q1_lr1e-6 (GPU: 2)[0m
[0;35m🔄 Started job 59410 for experiment 21:ZO:full:4:2:1e-6 on GPU 4[0m
[1;33m📊 Starting experiment: ZO_full_bs2_q2_lr1e-6 (GPU: 4)[0m
[1;33m📊 Starting experiment: ZO_full_bs2_q4_lr1e-6 (GPU: 2)[0m
[0;35m🔄 Started job 59419 for experiment 22:ZO:full:4:4:1e-6 on GPU 2[0m
[0;35m🔄 Started job 59423 for experiment 23:ZO:full:4:8:1e-6 on GPU 4[0m
[1;33m📊 Starting experiment: ZO_full_bs4_q1_lr1e-6 (GPU: 2)[0m
[1;33m📊 Starting experiment: ZO_full_bs2_q8_lr1e-6 (GPU: 4)[0m
[1;33m📊 Starting experiment: ZO_full_bs4_q2_lr1e-6 (GPU: 4)[0m
[1;33m📊 Starting experiment: ZO_full_bs4_q8_lr1e-6 (GPU: 4)[0m
[1;33m📊 Starting experiment: ZO_full_bs4_q4_lr1e-6 (GPU: 2)[0m
